<html>
<body>
<pre>
<h1>µVision Build Log</h1>
<h2>Tool Versions:</h2>
IDE-Version: ¦ÌVision V5.27.0.0
Copyright (C) 2018 ARM Ltd and ARM Germany GmbH. All rights reserved.
License Information:  ,  , LIC=FYKYW-QEPMT-9U84U-SD5IK-CHLE5-288TL
 
Tool Versions:
Toolchain:       MDK-ARM Plus  Version: 5.27.0.0
Toolchain Path:  C:\Keil_v5\ARM\ARMCC\Bin
C Compiler:      Armcc.exe V5.06 update 6 (build 750)
Assembler:       Armasm.exe V5.06 update 6 (build 750)
Linker/Locator:  ArmLink.exe V5.06 update 6 (build 750)
Library Manager: ArmAr.exe V5.06 update 6 (build 750)
Hex Converter:   FromElf.exe V5.06 update 6 (build 750)
CPU DLL:         SARMCM3.DLL V5.27.0.0
Dialog DLL:      DCM.DLL V1.17.2.0
Target DLL:      STLink\ST-LINKIII-KEIL_SWO.dll V3.0.5.0
Dialog DLL:      TCM.DLL V1.36.1.0
 
<h2>Project:</h2>
E:\Project_Workspace\BrainElectric_AWG_CubeMX\DMAMUX\MDK-ARM\DMA_SPI.uvprojx
Project File Date:  12/11/2025

<h2>Output:</h2>
*** Using Compiler 'V5.06 update 6 (build 750)', folder: 'C:\Keil_v5\ARM\ARMCC\Bin'
Build target 'DMA_SPI'
compiling main.c...
../Core/Src/main.c(176): warning:  #167-D: argument of type "uint8_t *" is incompatible with parameter of type "uint32_t"
  	HAL_DMAEx_MultiBufferStart_IT(&hdma_tim2_up, UART_BUF1, &huart4.Instance->TDR,UART_BUF2, 1);
../Core/Src/main.c(176): warning:  #167-D: argument of type "volatile uint32_t *" is incompatible with parameter of type "uint32_t"
  	HAL_DMAEx_MultiBufferStart_IT(&hdma_tim2_up, UART_BUF1, &huart4.Instance->TDR,UART_BUF2, 1);
../Core/Src/main.c(176): warning:  #167-D: argument of type "uint8_t *" is incompatible with parameter of type "uint32_t"
  	HAL_DMAEx_MultiBufferStart_IT(&hdma_tim2_up, UART_BUF1, &huart4.Instance->TDR,UART_BUF2, 1);
../Core/Src/main.c: 3 warnings, 0 errors
linking...
Program Size: Code=26274 RO-data=762 RW-data=64 ZI-data=2288  
FromELF: creating hex file...
"DMA_SPI\DMA_SPI.axf" - 0 Error(s), 3 Warning(s).

<h2>Software Packages used:</h2>

Package Vendor: ARM
                http://www.keil.com/pack/ARM.CMSIS.5.4.0.pack
                ARM.CMSIS.5.4.0
                CMSIS (Cortex Microcontroller Software Interface Standard)
   * Component: CORE Version: 5.1.2

Package Vendor: Keil
                https://www.keil.com/pack/Keil.STM32H7xx_DFP.2.6.0.pack
                Keil.STM32H7xx_DFP.2.6.0
                STMicroelectronics STM32H7 Series Device Support and Examples

<h2>Collection of Component include folders:</h2>
  .\RTE\_DMA_SPI
  C:\Keil_v5\ARM\PACK\ARM\CMSIS\5.4.0\CMSIS\Core\Include
  C:\Keil_v5\ARM\PACK\Keil\STM32H7xx_DFP\2.6.0\Drivers\CMSIS\Device\ST\STM32H7xx\Include

<h2>Collection of Component Files used:</h2>

   * Component: ARM::CMSIS:CORE:5.1.2
Build Time Elapsed:  00:00:14
</pre>
</body>
</html>
